PASS  filt71_F10_greedy s43 g1  (13 checks)
PASS  filt71_F10_greedy s43 g2  (13 checks)
PASS  filt71_F10_greedy s43 g3  (13 checks)
PASS  filt71_F10_greedy s43 g4  (13 checks)
PASS  filt71_F10_greedy s43 g5  (13 checks)
PASS  filt71_F10_greedy s43 g6  (13 checks)
PASS  filt71_F10_greedy s43 g7  (13 checks)
PASS  filt71_F10_greedy s44 g1  (13 checks)
PASS  filt71_F10_greedy s44 g2  (13 checks)
PASS  filt71_F10_greedy s44 g3  (13 checks)
PASS  filt71_F10_greedy s44 g4  (13 checks)
PASS  filt71_F10_greedy s44 g5  (13 checks)
PASS  filt71_F10_greedy s44 g6  (13 checks)
PASS  filt71_F10_greedy s44 g7  (13 checks)
PASS  filt71_F10_greedy s45 g1  (13 checks)
PASS  filt71_F10_greedy s45 g2  (13 checks)
PASS  filt71_F10_greedy s45 g3  (13 checks)
PASS  filt71_F10_greedy s45 g4  (13 checks)
PASS  filt71_F10_greedy s45 g5  (13 checks)
PASS  filt71_F10_greedy s45 g6  (13 checks)
PASS  filt71_F10_greedy s45 g7  (13 checks)
PASS  filt71_R10_greedy s43 g1  (15 checks)
PASS  filt71_R10_greedy s43 g2  (14 checks)
PASS  filt71_R10_greedy s43 g3  (14 checks)
PASS  filt71_R10_greedy s43 g4  (14 checks)
PASS  filt71_R10_greedy s43 g5  (14 checks)
PASS  filt71_R10_greedy s43 g6  (14 checks)
PASS  filt71_R10_greedy s43 g7  (14 checks)
PASS  filt71_R10_greedy s44 g1  (15 checks)
PASS  filt71_R10_greedy s44 g2  (14 checks)
PASS  filt71_R10_greedy s44 g3  (14 checks)
PASS  filt71_R10_greedy s44 g4  (14 checks)
PASS  filt71_R10_greedy s44 g5  (14 checks)
PASS  filt71_R10_greedy s44 g6  (14 checks)
PASS  filt71_R10_greedy s44 g7  (14 checks)
PASS  filt71_R10_greedy s45 g1  (15 checks)
PASS  filt71_R10_greedy s45 g2  (14 checks)
PASS  filt71_R10_greedy s45 g3  (14 checks)
PASS  filt71_R10_greedy s45 g4  (14 checks)
PASS  filt71_R10_greedy s45 g5  (14 checks)
PASS  filt71_R10_greedy s45 g6  (14 checks)
PASS  filt71_R10_greedy s45 g7  (14 checks)
PASS  filt71_F10_topk s43 g1  (13 checks)
PASS  filt71_F10_topk s43 g2  (13 checks)
PASS  filt71_F10_topk s43 g3  (13 checks)
PASS  filt71_F10_topk s43 g4  (13 checks)
PASS  filt71_F10_topk s43 g5  (13 checks)
PASS  filt71_F10_topk s43 g6  (13 checks)
PASS  filt71_F10_topk s43 g7  (13 checks)
PASS  filt71_F10_topk s44 g1  (13 checks)
PASS  filt71_F10_topk s44 g2  (13 checks)
PASS  filt71_F10_topk s44 g3  (13 checks)
PASS  filt71_F10_topk s44 g4  (13 checks)
PASS  filt71_F10_topk s44 g5  (13 checks)
PASS  filt71_F10_topk s44 g6  (13 checks)
PASS  filt71_F10_topk s44 g7  (13 checks)
PASS  filt71_F10_topk s45 g1  (13 checks)
PASS  filt71_F10_topk s45 g2  (13 checks)
PASS  filt71_F10_topk s45 g3  (13 checks)
PASS  filt71_F10_topk s45 g4  (13 checks)
PASS  filt71_F10_topk s45 g5  (13 checks)
PASS  filt71_F10_topk s45 g6  (13 checks)
PASS  filt71_F10_topk s45 g7  (13 checks)
PASS  filt71_R10_topk s43 g1  (15 checks)
PASS  filt71_R10_topk s43 g2  (14 checks)
PASS  filt71_R10_topk s43 g3  (14 checks)
PASS  filt71_R10_topk s43 g4  (14 checks)
PASS  filt71_R10_topk s43 g5  (14 checks)
PASS  filt71_R10_topk s43 g6  (14 checks)
PASS  filt71_R10_topk s43 g7  (14 checks)
PASS  filt71_R10_topk s44 g1  (15 checks)
PASS  filt71_R10_topk s44 g2  (14 checks)
PASS  filt71_R10_topk s44 g3  (14 checks)
PASS  filt71_R10_topk s44 g4  (14 checks)
PASS  filt71_R10_topk s44 g5  (14 checks)
PASS  filt71_R10_topk s44 g6  (14 checks)
PASS  filt71_R10_topk s44 g7  (14 checks)
PASS  filt71_R10_topk s45 g1  (15 checks)
PASS  filt71_R10_topk s45 g2  (14 checks)
PASS  filt71_R10_topk s45 g3  (14 checks)
PASS  filt71_R10_topk s45 g4  (14 checks)
PASS  filt71_R10_topk s45 g5  (14 checks)
PASS  filt71_R10_topk s45 g6  (14 checks)
PASS  filt71_R10_topk s45 g7  (14 checks)
PASS  filt71_F25_greedy s43 g1  (13 checks)
PASS  filt71_F25_greedy s43 g2  (13 checks)
PASS  filt71_F25_greedy s43 g3  (13 checks)
PASS  filt71_F25_greedy s43 g4  (13 checks)
PASS  filt71_F25_greedy s43 g5  (13 checks)
PASS  filt71_F25_greedy s43 g6  (13 checks)
PASS  filt71_F25_greedy s43 g7  (13 checks)
PASS  filt71_F25_greedy s44 g1  (13 checks)
PASS  filt71_F25_greedy s44 g2  (13 checks)
PASS  filt71_F25_greedy s44 g3  (13 checks)
PASS  filt71_F25_greedy s44 g4  (13 checks)
PASS  filt71_F25_greedy s44 g5  (13 checks)
PASS  filt71_F25_greedy s44 g6  (13 checks)
PASS  filt71_F25_greedy s44 g7  (13 checks)
PASS  filt71_F25_greedy s45 g1  (13 checks)
PASS  filt71_F25_greedy s45 g2  (13 checks)
PASS  filt71_F25_greedy s45 g3  (13 checks)
PASS  filt71_F25_greedy s45 g4  (13 checks)
PASS  filt71_F25_greedy s45 g5  (13 checks)
PASS  filt71_F25_greedy s45 g6  (13 checks)
PASS  filt71_F25_greedy s45 g7  (13 checks)
PASS  filt71_R25_greedy s43 g1  (15 checks)
PASS  filt71_R25_greedy s43 g2  (14 checks)
PASS  filt71_R25_greedy s43 g3  (14 checks)
PASS  filt71_R25_greedy s43 g4  (14 checks)
PASS  filt71_R25_greedy s43 g5  (14 checks)
PASS  filt71_R25_greedy s43 g6  (14 checks)
PASS  filt71_R25_greedy s43 g7  (14 checks)
PASS  filt71_R25_greedy s44 g1  (15 checks)
PASS  filt71_R25_greedy s44 g2  (14 checks)
PASS  filt71_R25_greedy s44 g3  (14 checks)
PASS  filt71_R25_greedy s44 g4  (14 checks)
PASS  filt71_R25_greedy s44 g5  (14 checks)
PASS  filt71_R25_greedy s44 g6  (14 checks)
PASS  filt71_R25_greedy s44 g7  (14 checks)
PASS  filt71_R25_greedy s45 g1  (15 checks)
PASS  filt71_R25_greedy s45 g2  (14 checks)
PASS  filt71_R25_greedy s45 g3  (14 checks)
PASS  filt71_R25_greedy s45 g4  (14 checks)
PASS  filt71_R25_greedy s45 g5  (14 checks)
PASS  filt71_R25_greedy s45 g6  (14 checks)
PASS  filt71_R25_greedy s45 g7  (14 checks)
PASS  filt71_F25_topk s43 g1  (13 checks)
PASS  filt71_F25_topk s43 g2  (13 checks)
PASS  filt71_F25_topk s43 g3  (13 checks)
PASS  filt71_F25_topk s43 g4  (13 checks)
PASS  filt71_F25_topk s43 g5  (13 checks)
PASS  filt71_F25_topk s43 g6  (13 checks)
PASS  filt71_F25_topk s43 g7  (13 checks)
PASS  filt71_F25_topk s44 g1  (13 checks)
PASS  filt71_F25_topk s44 g2  (13 checks)
PASS  filt71_F25_topk s44 g3  (13 checks)
PASS  filt71_F25_topk s44 g4  (13 checks)
PASS  filt71_F25_topk s44 g5  (13 checks)
PASS  filt71_F25_topk s44 g6  (13 checks)
PASS  filt71_F25_topk s44 g7  (13 checks)
PASS  filt71_F25_topk s45 g1  (13 checks)
PASS  filt71_F25_topk s45 g2  (13 checks)
PASS  filt71_F25_topk s45 g3  (13 checks)
PASS  filt71_F25_topk s45 g4  (13 checks)
PASS  filt71_F25_topk s45 g5  (13 checks)
PASS  filt71_F25_topk s45 g6  (13 checks)
PASS  filt71_F25_topk s45 g7  (13 checks)
PASS  filt71_R25_topk s43 g1  (15 checks)
PASS  filt71_R25_topk s43 g2  (14 checks)
PASS  filt71_R25_topk s43 g3  (14 checks)
PASS  filt71_R25_topk s43 g4  (14 checks)
PASS  filt71_R25_topk s43 g5  (14 checks)
PASS  filt71_R25_topk s43 g6  (14 checks)
PASS  filt71_R25_topk s43 g7  (14 checks)
PASS  filt71_R25_topk s44 g1  (15 checks)
PASS  filt71_R25_topk s44 g2  (14 checks)
PASS  filt71_R25_topk s44 g3  (14 checks)
PASS  filt71_R25_topk s44 g4  (14 checks)
PASS  filt71_R25_topk s44 g5  (14 checks)
PASS  filt71_R25_topk s44 g6  (14 checks)
PASS  filt71_R25_topk s44 g7  (14 checks)
PASS  filt71_R25_topk s45 g1  (15 checks)
PASS  filt71_R25_topk s45 g2  (14 checks)
PASS  filt71_R25_topk s45 g3  (14 checks)
PASS  filt71_R25_topk s45 g4  (14 checks)
PASS  filt71_R25_topk s45 g5  (14 checks)
PASS  filt71_R25_topk s45 g6  (14 checks)
PASS  filt71_R25_topk s45 g7  (14 checks)
PASS  filt71_F50_greedy s43 g1  (13 checks)
PASS  filt71_F50_greedy s43 g2  (13 checks)
PASS  filt71_F50_greedy s43 g3  (13 checks)
PASS  filt71_F50_greedy s43 g4  (13 checks)
PASS  filt71_F50_greedy s43 g5  (13 checks)
PASS  filt71_F50_greedy s43 g6  (13 checks)
PASS  filt71_F50_greedy s43 g7  (13 checks)
PASS  filt71_F50_greedy s44 g1  (13 checks)
PASS  filt71_F50_greedy s44 g2  (13 checks)
PASS  filt71_F50_greedy s44 g3  (13 checks)
PASS  filt71_F50_greedy s44 g4  (13 checks)
PASS  filt71_F50_greedy s44 g5  (13 checks)
PASS  filt71_F50_greedy s44 g6  (13 checks)
PASS  filt71_F50_greedy s44 g7  (13 checks)
PASS  filt71_F50_greedy s45 g1  (13 checks)
PASS  filt71_F50_greedy s45 g2  (13 checks)
PASS  filt71_F50_greedy s45 g3  (13 checks)
PASS  filt71_F50_greedy s45 g4  (13 checks)
PASS  filt71_F50_greedy s45 g5  (13 checks)
PASS  filt71_F50_greedy s45 g6  (13 checks)
PASS  filt71_F50_greedy s45 g7  (13 checks)
PASS  filt71_R50_greedy s43 g1  (15 checks)
PASS  filt71_R50_greedy s43 g2  (14 checks)
PASS  filt71_R50_greedy s43 g3  (14 checks)
PASS  filt71_R50_greedy s43 g4  (14 checks)
PASS  filt71_R50_greedy s43 g5  (14 checks)
PASS  filt71_R50_greedy s43 g6  (14 checks)
PASS  filt71_R50_greedy s43 g7  (14 checks)
PASS  filt71_R50_greedy s44 g1  (15 checks)
PASS  filt71_R50_greedy s44 g2  (14 checks)
PASS  filt71_R50_greedy s44 g3  (14 checks)
PASS  filt71_R50_greedy s44 g4  (14 checks)
PASS  filt71_R50_greedy s44 g5  (14 checks)
PASS  filt71_R50_greedy s44 g6  (14 checks)
PASS  filt71_R50_greedy s44 g7  (14 checks)
PASS  filt71_R50_greedy s45 g1  (15 checks)
PASS  filt71_R50_greedy s45 g2  (14 checks)
PASS  filt71_R50_greedy s45 g3  (14 checks)
PASS  filt71_R50_greedy s45 g4  (14 checks)
PASS  filt71_R50_greedy s45 g5  (14 checks)
PASS  filt71_R50_greedy s45 g6  (14 checks)
PASS  filt71_R50_greedy s45 g7  (14 checks)
PASS  filt71_F50_topk s43 g1  (13 checks)
PASS  filt71_F50_topk s43 g2  (13 checks)
PASS  filt71_F50_topk s43 g3  (13 checks)
PASS  filt71_F50_topk s43 g4  (13 checks)
PASS  filt71_F50_topk s43 g5  (13 checks)
PASS  filt71_F50_topk s43 g6  (13 checks)
PASS  filt71_F50_topk s43 g7  (13 checks)
PASS  filt71_F50_topk s44 g1  (13 checks)
PASS  filt71_F50_topk s44 g2  (13 checks)
PASS  filt71_F50_topk s44 g3  (13 checks)
PASS  filt71_F50_topk s44 g4  (13 checks)
PASS  filt71_F50_topk s44 g5  (13 checks)
PASS  filt71_F50_topk s44 g6  (13 checks)
PASS  filt71_F50_topk s44 g7  (13 checks)
PASS  filt71_F50_topk s45 g1  (13 checks)
PASS  filt71_F50_topk s45 g2  (13 checks)
PASS  filt71_F50_topk s45 g3  (13 checks)
PASS  filt71_F50_topk s45 g4  (13 checks)
PASS  filt71_F50_topk s45 g5  (13 checks)
PASS  filt71_F50_topk s45 g6  (13 checks)
PASS  filt71_F50_topk s45 g7  (13 checks)
PASS  filt71_R50_topk s43 g1  (15 checks)
PASS  filt71_R50_topk s43 g2  (14 checks)
PASS  filt71_R50_topk s43 g3  (14 checks)
PASS  filt71_R50_topk s43 g4  (14 checks)
PASS  filt71_R50_topk s43 g5  (14 checks)
PASS  filt71_R50_topk s43 g6  (14 checks)
PASS  filt71_R50_topk s43 g7  (14 checks)
PASS  filt71_R50_topk s44 g1  (15 checks)
PASS  filt71_R50_topk s44 g2  (14 checks)
PASS  filt71_R50_topk s44 g3  (14 checks)
PASS  filt71_R50_topk s44 g4  (14 checks)
PASS  filt71_R50_topk s44 g5  (14 checks)
PASS  filt71_R50_topk s44 g6  (14 checks)
PASS  filt71_R50_topk s44 g7  (14 checks)
PASS  filt71_R50_topk s45 g1  (15 checks)
PASS  filt71_R50_topk s45 g2  (14 checks)
PASS  filt71_R50_topk s45 g3  (14 checks)
PASS  filt71_R50_topk s45 g4  (14 checks)
PASS  filt71_R50_topk s45 g5  (14 checks)
PASS  filt71_R50_topk s45 g6  (14 checks)
PASS  filt71_R50_topk s45 g7  (14 checks)
--- 252 cell(s) checked, 0 failed, 252/252 complete -> PASS  (logs/filt71/gate_all.json)
